// Jest Snapshot v1, https://goo.gl/fbAQLP

exports[`<Main /> Should render the heading 1`] = `
<main
  class="styles__Wrapper-czREMl bEODyv"
>
  <img
    alt="Imagem de um átomo - e React avançado escrito ao lado"
    class="styles__Logo-hpIqnx hQjETQ"
    src="/img/logo.svg"
  />
  <h1
    class="styles__Title-fMTgIO fjrrRF"
  >
    React Avançado
  </h1>
  <h2
    class="styles__Description-htEhDc kiZXgT"
  >
    Tipescript, ReactJS, NextJS e Styled Components
  </h2>
  <img
    alt="Um desenvolvedor de frente para uma tela com código"
    class="styles__Ilustration-jZnQkG MXFYI"
    src="/img/hero-illustration.svg"
  />
</main>
`
